{
    "children_id": [
        "1"
    ],
    "descendants": [
        {
            "block_type": 2,
            "block_id": "1",
            "text": {
                "elements": [
                    {
                        "text_run": {
                            "content": "这是一个",
                            "text_element_style": {
                                "bold": false,
                                "inline_code": false,
                                "italic": false,
                                "strikethrough": false,
                                "underline": false
                            }
                        }
                    },
                    {
                        "text_run": {
                            "content": "粗体文本",
                            "text_element_style": {
                                "bold": true,
                                "inline_code": false,
                                "italic": false,
                                "strikethrough": false,
                                "underline": false
                            }
                        }
                    },
                    {
                        "text_run": {
                            "content": "测试，这是一个",
                            "text_element_style": {
                                "bold": false,
                                "inline_code": false,
                                "italic": false,
                                "strikethrough": false,
                                "underline": false
                            }
                        }
                    },
                    {
                        "text_run": {
                            "content": "斜体文本",
                            "text_element_style": {
                                "bold": false,
                                "inline_code": false,
                                "italic": true,
                                "strikethrough": false,
                                "underline": false
                            }
                        }
                    },
                    {
                        "text_run": {
                            "content": "测试，这是一个",
                            "text_element_style": {
                                "bold": false,
                                "inline_code": false,
                                "italic": false,
                                "strikethrough": false,
                                "underline": false
                            }
                        }
                    },
                    {
                        "text_run": {
                            "content": "删除线文本",
                            "text_element_style": {
                                "bold": false,
                                "inline_code": false,
                                "italic": false,
                                "strikethrough": true,
                                "underline": false
                            }
                        }
                    },
                    {
                        "text_run": {
                            "content": "测试，这是一个",
                            "text_element_style": {
                                "bold": false,
                                "inline_code": false,
                                "italic": false,
                                "strikethrough": false,
                                "underline": false
                            }
                        }
                    },
                    {
                        "text_run": {
                            "content": "行内代码",
                            "text_element_style": {
                                "bold": false,
                                "inline_code": true,
                                "italic": false,
                                "strikethrough": false,
                                "underline": false
                            }
                        }
                    },
                    {
                        "text_run": {
                            "content": "测试。",
                            "text_element_style": {
                                "bold": false,
                                "inline_code": false,
                                "italic": false,
                                "strikethrough": false,
                                "underline": false
                            }
                        }
                    }
                ],
                "style": {
                    "align": 1,
                    "folded": false
                }
            }
        }
    ]
}